// Jest Snapshot v1, https://goo.gl/fbAQLP

exports[`Home Page should render Home page 1`] = `
<div>
  <h1
    className="main-title"
  >
     Me drunk 
  </h1>
  <div
    className="center-grid"
  >
    <a
      href="deck-select"
      onClick={[Function]}
    >
      <button
        className="button big"
      >
        Jogar!
      </button>
    </a>
  </div>
</div>
`;
