// Jest Snapshot v1, https://goo.gl/fbAQLP

exports[`DeckSelect page renders DeckList page component 1`] = `
<div>
  <h1
    className="main-title"
  >
    Escolha um dos Decks
  </h1>
  <div
    className="cards-container"
  >
    <div
      className="card card-center"
    >
      <h1>
        Testing card id 1
      </h1>
      <p>
        Some testing card
      </p>
      <hr />
      <a
        className="button small"
        href="players-select"
        onClick={[Function]}
      >
        Escolher
      </a>
    </div>
    <div
      className="card card-center"
    >
      <h1>
        Testing card id 2
      </h1>
      <p>
        Some testing card
      </p>
      <hr />
      <a
        className="button small"
        href="players-select"
        onClick={[Function]}
      >
        Escolher
      </a>
    </div>
    <div
      className="card card-center"
    >
      <h1>
        Testing card id 3
      </h1>
      <p>
        Some testing card
      </p>
      <hr />
      <a
        className="button small"
        href="players-select"
        onClick={[Function]}
      >
        Escolher
      </a>
    </div>
  </div>
</div>
`;
